
 ets Jan  8 2013,rst cause:2, boot mode:(3,6)

load 0x40100000, len 7040, room 16
tail 0
chksum 0xee
load 0x3ffe8408, len 24, room 8
tail 0
chksum 0x67
load 0x3ffe8420, len 3324, room 8
tail 4
chksum 0x47
csum 0x47
I (42) boot: ESP-IDF v3.4-49-g0f200b46 2nd stage bootloader
I (42) boot: compile time 18:24:00
I (43) qio_mode: Enabling default flash chip QIO
I (51) boot: SPI Speed      : 40MHz
I (57) boot: SPI Mode       : QIO
I (63) boot: SPI Flash Size : 2MB
I (69) boot: Partition Table:
I (75) boot: ## Label            Usage          Type ST Offset   Length
I (86) boot:  0 nvs              WiFi data        01 02 00009000 00006000
I (98) boot:  1 phy_init         RF data          01 01 0000f000 00001000
I (109) boot:  2 factory          factory app      00 00 00010000 000f0000
I (121) boot: End of partition table
I (127) esp_image: segment 0: paddr=0x00010010 vaddr=0x40210010 size=0x15fc8 ( 90056) map
I (171) esp_image: segment 1: paddr=0x00025fe0 vaddr=0x40225fd8 size=0x05a14 ( 23060) map
I (179) esp_image: segment 2: paddr=0x0002b9fc vaddr=0x3ffe8000 size=0x003dc (   988) load
I (182) esp_image: segment 3: paddr=0x0002bde0 vaddr=0x40100000 size=0x00080 (   128) load
I (196) esp_image: segment 4: paddr=0x0002be68 vaddr=0x40100080 size=0x045b8 ( 17848) load
I (215) boot: Loaded app from partition at offset 0x10000
I (235) gpio: GPIO[2]| InputEn: 0| OutputEn: 1| OpenDrain: 0| Pullup: 0| Pulldown: 0| Intr:0
I (238) gpio: GPIO[0]| InputEn: 1| OutputEn: 0| OpenDrain: 0| Pullup: 1| Pulldown: 0| Intr:2
I (1729) main: GPIO[0] intr, val: 0

I (1730) main: LED On

I (3169) main: GPIO[0] intr, val: 0

I (3170) main: LED On

I (5059) main: GPIO[0] intr, val: 0

I (5060) main: LED On

I (6059) main: GPIO[0] intr, val: 1

I (6060) main: LED Off

I (7059) main: GPIO[0] intr, val: 1

I (7060) main: LED Off

I (8059) main: GPIO[0] intr, val: 1

I (8060) main: LED Off

I (9059) main: GPIO[0] intr, val: 1

I (9060) main: LED Off

I (12990) main: GPIO[0] intr, val: 0

I (12991) main: LED On

I (22081) main: GPIO[0] intr, val: 0

I (22082) main: LED On

I (23081) main: GPIO[0] intr, val: 0

I (23082) main: LED On

I (24081) main: GPIO[0] intr, val: 1

I (24082) main: LED Off

I (25081) main: GPIO[0] intr, val: 1

I (25082) main: LED Off

I (26081) main: GPIO[0] intr, val: 0

I (26082) main: LED On

I (27081) main: GPIO[0] intr, val: 1

I (27082) main: LED Off

I (28081) main: GPIO[0] intr, val: 1

I (28082) main: LED Off

I (29081) main: GPIO[0] intr, val: 1

I (29082) main: LED Off

I (30081) main: GPIO[0] intr, val: 1

I (30082) main: LED Off

I (33852) main: GPIO[0] intr, val: 0

I (33853) main: LED On

I (37202) main: GPIO[0] intr, val: 0

I (37203) main: LED On

I (38202) main: GPIO[0] intr, val: 1

I (38203) main: LED Off

I (39202) main: GPIO[0] intr, val: 1

I (39203) main: LED Off

I (40833) main: GPIO[0] intr, val: 0

I (40834) main: LED On

I (42023) main: GPIO[0] intr, val: 0

I (42024) main: LED On

I (43023) main: GPIO[0] intr, val: 1

I (43024) main: LED Off

I (44023) main: GPIO[0] intr, val: 1

I (44024) main: LED Off

I (45023) main: GPIO[0] intr, val: 1

I (45024) main: LED Off

I (46023) main: GPIO[0] intr, val: 1

I (46024) main: LED Off

I (47023) main: GPIO[0] intr, val: 1

I (47024) main: LED Off

I (55244) main: GPIO[0] intr, val: 0

I (55245) main: LED On

